Analysis & Synthesis report for Hash_light_top
Thu Aug 22 11:29:17 2024
Quartus Prime Version 23.1std.1 Build 993 05/14/2024 SC Lite Edition


---------------------
; Table of Contents ;
---------------------
  1. Legal Notice
  2. Analysis & Synthesis Summary
  3. Analysis & Synthesis Settings
  4. Parallel Compilation
  5. Analysis & Synthesis Source Files Read
  6. Analysis & Synthesis Resource Usage Summary
  7. Analysis & Synthesis Resource Utilization by Entity
  8. General Register Statistics
  9. Multiplexer Restructuring Statistics (Restructuring Performed)
 10. Parameter Settings for User Entity Instance: Top-level Entity: |Hash_light_top
 11. Parameter Settings for User Entity Instance: round:round_inst
 12. Parameter Settings for Inferred Entity Instance: round:round_inst|rho:rho_inst|lpm_divide:Mod0
 13. Parameter Settings for Inferred Entity Instance: round:round_inst|rho:rho_inst|lpm_divide:Mod1
 14. Parameter Settings for Inferred Entity Instance: round:round_inst|rho:rho_inst|lpm_divide:Mod2
 15. Parameter Settings for Inferred Entity Instance: round:round_inst|rho:rho_inst|lpm_divide:Mod3
 16. Post-Synthesis Netlist Statistics for Top Partition
 17. Elapsed Time Per Partition
 18. Analysis & Synthesis Messages
 19. Analysis & Synthesis Suppressed Messages



----------------
; Legal Notice ;
----------------
Copyright (C) 2024  Intel Corporation. All rights reserved.
Your use of Intel Corporation's design tools, logic functions 
and other software and tools, and any partner logic 
functions, and any output files from any of the foregoing 
(including device programming or simulation files), and any 
associated documentation or information are expressly subject 
to the terms and conditions of the Intel Program License 
Subscription Agreement, the Intel Quartus Prime License Agreement,
the Intel FPGA IP License Agreement, or other applicable license
agreement, including, without limitation, that your use is for
the sole purpose of programming logic devices manufactured by
Intel and sold by Intel or its authorized distributors.  Please
refer to the applicable agreement for further details, at
https://fpgasoftware.intel.com/eula.



+----------------------------------------------------------------------------------+
; Analysis & Synthesis Summary                                                     ;
+---------------------------------+------------------------------------------------+
; Analysis & Synthesis Status     ; Successful - Thu Aug 22 11:29:17 2024          ;
; Quartus Prime Version           ; 23.1std.1 Build 993 05/14/2024 SC Lite Edition ;
; Revision Name                   ; Hash_light_top                                 ;
; Top-level Entity Name           ; Hash_light_top                                 ;
; Family                          ; Cyclone V                                      ;
; Logic utilization (in ALMs)     ; N/A                                            ;
; Total registers                 ; 72                                             ;
; Total pins                      ; 1                                              ;
; Total virtual pins              ; 99                                             ;
; Total block memory bits         ; 0                                              ;
; Total DSP Blocks                ; 0                                              ;
; Total HSSI RX PCSs              ; 0                                              ;
; Total HSSI PMA RX Deserializers ; 0                                              ;
; Total HSSI TX PCSs              ; 0                                              ;
; Total HSSI PMA TX Serializers   ; 0                                              ;
; Total PLLs                      ; 0                                              ;
; Total DLLs                      ; 0                                              ;
+---------------------------------+------------------------------------------------+


+---------------------------------------------------------------------------------------------------------------------------+
; Analysis & Synthesis Settings                                                                                             ;
+---------------------------------------------------------------------------------+--------------------+--------------------+
; Option                                                                          ; Setting            ; Default Value      ;
+---------------------------------------------------------------------------------+--------------------+--------------------+
; Device                                                                          ; 5CGXFC9D6F27C7     ;                    ;
; Top-level entity name                                                           ; Hash_light_top     ; Hash_light_top     ;
; Family name                                                                     ; Cyclone V          ; Cyclone V          ;
; Use smart compilation                                                           ; Off                ; Off                ;
; Enable parallel Assembler and Timing Analyzer during compilation                ; On                 ; On                 ;
; Enable compact report table                                                     ; Off                ; Off                ;
; Restructure Multiplexers                                                        ; Auto               ; Auto               ;
; MLAB Add Timing Constraints For Mixed-Port Feed-Through Mode Setting Don't Care ; Off                ; Off                ;
; Create Debugging Nodes for IP Cores                                             ; Off                ; Off                ;
; Preserve fewer node names                                                       ; On                 ; On                 ;
; Intel FPGA IP Evaluation Mode                                                   ; Enable             ; Enable             ;
; Verilog Version                                                                 ; Verilog_2001       ; Verilog_2001       ;
; VHDL Version                                                                    ; VHDL_1993          ; VHDL_1993          ;
; State Machine Processing                                                        ; Auto               ; Auto               ;
; Safe State Machine                                                              ; Off                ; Off                ;
; Extract Verilog State Machines                                                  ; On                 ; On                 ;
; Extract VHDL State Machines                                                     ; On                 ; On                 ;
; Ignore Verilog initial constructs                                               ; Off                ; Off                ;
; Iteration limit for constant Verilog loops                                      ; 5000               ; 5000               ;
; Iteration limit for non-constant Verilog loops                                  ; 250                ; 250                ;
; Add Pass-Through Logic to Inferred RAMs                                         ; On                 ; On                 ;
; Infer RAMs from Raw Logic                                                       ; On                 ; On                 ;
; Parallel Synthesis                                                              ; On                 ; On                 ;
; DSP Block Balancing                                                             ; Auto               ; Auto               ;
; NOT Gate Push-Back                                                              ; On                 ; On                 ;
; Power-Up Don't Care                                                             ; On                 ; On                 ;
; Remove Redundant Logic Cells                                                    ; Off                ; Off                ;
; Remove Duplicate Registers                                                      ; On                 ; On                 ;
; Ignore CARRY Buffers                                                            ; Off                ; Off                ;
; Ignore CASCADE Buffers                                                          ; Off                ; Off                ;
; Ignore GLOBAL Buffers                                                           ; Off                ; Off                ;
; Ignore ROW GLOBAL Buffers                                                       ; Off                ; Off                ;
; Ignore LCELL Buffers                                                            ; Off                ; Off                ;
; Ignore SOFT Buffers                                                             ; On                 ; On                 ;
; Limit AHDL Integers to 32 Bits                                                  ; Off                ; Off                ;
; Optimization Technique                                                          ; Balanced           ; Balanced           ;
; Carry Chain Length                                                              ; 70                 ; 70                 ;
; Auto Carry Chains                                                               ; On                 ; On                 ;
; Auto Open-Drain Pins                                                            ; On                 ; On                 ;
; Perform WYSIWYG Primitive Resynthesis                                           ; Off                ; Off                ;
; Auto ROM Replacement                                                            ; On                 ; On                 ;
; Auto RAM Replacement                                                            ; On                 ; On                 ;
; Auto DSP Block Replacement                                                      ; On                 ; On                 ;
; Auto Shift Register Replacement                                                 ; Auto               ; Auto               ;
; Allow Shift Register Merging across Hierarchies                                 ; Auto               ; Auto               ;
; Auto Clock Enable Replacement                                                   ; On                 ; On                 ;
; Strict RAM Replacement                                                          ; Off                ; Off                ;
; Allow Synchronous Control Signals                                               ; On                 ; On                 ;
; Force Use of Synchronous Clear Signals                                          ; Off                ; Off                ;
; Auto Resource Sharing                                                           ; Off                ; Off                ;
; Allow Any RAM Size For Recognition                                              ; Off                ; Off                ;
; Allow Any ROM Size For Recognition                                              ; Off                ; Off                ;
; Allow Any Shift Register Size For Recognition                                   ; Off                ; Off                ;
; Use LogicLock Constraints during Resource Balancing                             ; On                 ; On                 ;
; Ignore translate_off and synthesis_off directives                               ; Off                ; Off                ;
; Timing-Driven Synthesis                                                         ; On                 ; On                 ;
; Report Parameter Settings                                                       ; On                 ; On                 ;
; Report Source Assignments                                                       ; On                 ; On                 ;
; Report Connectivity Checks                                                      ; On                 ; On                 ;
; Ignore Maximum Fan-Out Assignments                                              ; Off                ; Off                ;
; Synchronization Register Chain Length                                           ; 3                  ; 3                  ;
; Power Optimization During Synthesis                                             ; Normal compilation ; Normal compilation ;
; HDL message level                                                               ; Level2             ; Level2             ;
; Suppress Register Optimization Related Messages                                 ; Off                ; Off                ;
; Number of Removed Registers Reported in Synthesis Report                        ; 5000               ; 5000               ;
; Number of Swept Nodes Reported in Synthesis Report                              ; 5000               ; 5000               ;
; Number of Inverted Registers Reported in Synthesis Report                       ; 100                ; 100                ;
; Clock MUX Protection                                                            ; On                 ; On                 ;
; Auto Gated Clock Conversion                                                     ; Off                ; Off                ;
; Block Design Naming                                                             ; Auto               ; Auto               ;
; SDC constraint protection                                                       ; Off                ; Off                ;
; Synthesis Effort                                                                ; Auto               ; Auto               ;
; Shift Register Replacement - Allow Asynchronous Clear Signal                    ; On                 ; On                 ;
; Pre-Mapping Resynthesis Optimization                                            ; Off                ; Off                ;
; Analysis & Synthesis Message Level                                              ; Medium             ; Medium             ;
; Disable Register Merging Across Hierarchies                                     ; Auto               ; Auto               ;
; Resource Aware Inference For Block RAM                                          ; On                 ; On                 ;
; Automatic Parallel Synthesis                                                    ; On                 ; On                 ;
; Partial Reconfiguration Bitstream ID                                            ; Off                ; Off                ;
+---------------------------------------------------------------------------------+--------------------+--------------------+


+------------------------------------------+
; Parallel Compilation                     ;
+----------------------------+-------------+
; Processors                 ; Number      ;
+----------------------------+-------------+
; Number detected on machine ; 8           ;
; Maximum allowed            ; 4           ;
;                            ;             ;
; Average used               ; 1.00        ;
; Maximum used               ; 4           ;
;                            ;             ;
; Usage by Processor         ; % Time Used ;
;     Processor 1            ; 100.0%      ;
;     Processor 2            ;   0.0%      ;
;     Processors 3-4         ;   0.0%      ;
+----------------------------+-------------+


+-----------------------------------------------------------------------------------------------------------------------------------------------------------------------------+
; Analysis & Synthesis Source Files Read                                                                                                                                      ;
+----------------------------------+-----------------+------------------------------+-------------------------------------------------------------------------------+---------+
; File Name with User-Entered Path ; Used in Netlist ; File Type                    ; File Name with Absolute Path                                                  ; Library ;
+----------------------------------+-----------------+------------------------------+-------------------------------------------------------------------------------+---------+
; ../db/Xor_module.sv              ; yes             ; User SystemVerilog HDL File  ; C:/Users/fabbr/Desktop/HES-project/db/Xor_module.sv                           ;         ;
; ../db/Theta.sv                   ; yes             ; User SystemVerilog HDL File  ; C:/Users/fabbr/Desktop/HES-project/db/Theta.sv                                ;         ;
; ../db/SA.sv                      ; yes             ; User SystemVerilog HDL File  ; C:/Users/fabbr/Desktop/HES-project/db/SA.sv                                   ;         ;
; ../db/Rho.sv                     ; yes             ; User SystemVerilog HDL File  ; C:/Users/fabbr/Desktop/HES-project/db/Rho.sv                                  ;         ;
; ../db/Hash_round.sv              ; yes             ; User SystemVerilog HDL File  ; C:/Users/fabbr/Desktop/HES-project/db/Hash_round.sv                           ;         ;
; ../db/Hash_light_top.sv          ; yes             ; User SystemVerilog HDL File  ; C:/Users/fabbr/Desktop/HES-project/db/Hash_light_top.sv                       ;         ;
; ../db/FPX.sv                     ; yes             ; User SystemVerilog HDL File  ; C:/Users/fabbr/Desktop/HES-project/db/FPX.sv                                  ;         ;
; lpm_divide.tdf                   ; yes             ; Megafunction                 ; c:/intelfpga_lite/23.1std/quartus/libraries/megafunctions/lpm_divide.tdf      ;         ;
; abs_divider.inc                  ; yes             ; Megafunction                 ; c:/intelfpga_lite/23.1std/quartus/libraries/megafunctions/abs_divider.inc     ;         ;
; sign_div_unsign.inc              ; yes             ; Megafunction                 ; c:/intelfpga_lite/23.1std/quartus/libraries/megafunctions/sign_div_unsign.inc ;         ;
; aglobal231.inc                   ; yes             ; Megafunction                 ; c:/intelfpga_lite/23.1std/quartus/libraries/megafunctions/aglobal231.inc      ;         ;
; db/lpm_divide_c2m.tdf            ; yes             ; Auto-Generated Megafunction  ; C:/Users/fabbr/Desktop/HES-project/quartus/db/lpm_divide_c2m.tdf              ;         ;
; db/sign_div_unsign_fkh.tdf       ; yes             ; Auto-Generated Megafunction  ; C:/Users/fabbr/Desktop/HES-project/quartus/db/sign_div_unsign_fkh.tdf         ;         ;
; db/alt_u_div_4te.tdf             ; yes             ; Auto-Generated Megafunction  ; C:/Users/fabbr/Desktop/HES-project/quartus/db/alt_u_div_4te.tdf               ;         ;
+----------------------------------+-----------------+------------------------------+-------------------------------------------------------------------------------+---------+


+---------------------------------------------------------+
; Analysis & Synthesis Resource Usage Summary             ;
+---------------------------------------------+-----------+
; Resource                                    ; Usage     ;
+---------------------------------------------+-----------+
; Estimate of Logic utilization (ALMs needed) ; 148       ;
;                                             ;           ;
; Combinational ALUT usage for logic          ; 164       ;
;     -- 7 input functions                    ; 0         ;
;     -- 6 input functions                    ; 1         ;
;     -- 5 input functions                    ; 9         ;
;     -- 4 input functions                    ; 20        ;
;     -- <=3 input functions                  ; 134       ;
;                                             ;           ;
; Dedicated logic registers                   ; 72        ;
;                                             ;           ;
; Virtual pins                                ; 99        ;
; I/O pins                                    ; 1         ;
;                                             ;           ;
; Total DSP Blocks                            ; 0         ;
;                                             ;           ;
; Maximum fan-out node                        ; clk~input ;
; Maximum fan-out                             ; 72        ;
; Total fan-out                               ; 856       ;
; Average fan-out                             ; 2.54      ;
+---------------------------------------------+-----------+


+--------------------------------------------------------------------------------------------------------------------------------------------------------------------------------------------------------------------------------------------------------------------------------------------------------------------------------------------+
; Analysis & Synthesis Resource Utilization by Entity                                                                                                                                                                                                                                                                                        ;
+----------------------------------------------+---------------------+---------------------------+-------------------+------------+------+--------------+-----------------------------------------------------------------------------------------------------------------------------------------------+---------------------+--------------+
; Compilation Hierarchy Node                   ; Combinational ALUTs ; Dedicated Logic Registers ; Block Memory Bits ; DSP Blocks ; Pins ; Virtual Pins ; Full Hierarchy Name                                                                                                                           ; Entity Name         ; Library Name ;
+----------------------------------------------+---------------------+---------------------------+-------------------+------------+------+--------------+-----------------------------------------------------------------------------------------------------------------------------------------------+---------------------+--------------+
; |Hash_light_top                              ; 164 (16)            ; 72 (72)                   ; 0                 ; 0          ; 1    ; 99           ; |Hash_light_top                                                                                                                               ; Hash_light_top      ; work         ;
;    |FPX:fpx_inst|                            ; 32 (32)             ; 0 (0)                     ; 0                 ; 0          ; 0    ; 0            ; |Hash_light_top|FPX:fpx_inst                                                                                                                  ; FPX                 ; work         ;
;    |round:round_inst|                        ; 116 (4)             ; 0 (0)                     ; 0                 ; 0          ; 0    ; 0            ; |Hash_light_top|round:round_inst                                                                                                              ; round               ; work         ;
;       |XOR_Module:xor_inst|                  ; 16 (16)             ; 0 (0)                     ; 0                 ; 0          ; 0    ; 0            ; |Hash_light_top|round:round_inst|XOR_Module:xor_inst                                                                                          ; XOR_Module          ; work         ;
;       |rho:rho_inst|                         ; 96 (28)             ; 0 (0)                     ; 0                 ; 0          ; 0    ; 0            ; |Hash_light_top|round:round_inst|rho:rho_inst                                                                                                 ; rho                 ; work         ;
;          |lpm_divide:Mod0|                   ; 17 (0)              ; 0 (0)                     ; 0                 ; 0          ; 0    ; 0            ; |Hash_light_top|round:round_inst|rho:rho_inst|lpm_divide:Mod0                                                                                 ; lpm_divide          ; work         ;
;             |lpm_divide_c2m:auto_generated|  ; 17 (0)              ; 0 (0)                     ; 0                 ; 0          ; 0    ; 0            ; |Hash_light_top|round:round_inst|rho:rho_inst|lpm_divide:Mod0|lpm_divide_c2m:auto_generated                                                   ; lpm_divide_c2m      ; work         ;
;                |sign_div_unsign_fkh:divider| ; 17 (0)              ; 0 (0)                     ; 0                 ; 0          ; 0    ; 0            ; |Hash_light_top|round:round_inst|rho:rho_inst|lpm_divide:Mod0|lpm_divide_c2m:auto_generated|sign_div_unsign_fkh:divider                       ; sign_div_unsign_fkh ; work         ;
;                   |alt_u_div_4te:divider|    ; 17 (17)             ; 0 (0)                     ; 0                 ; 0          ; 0    ; 0            ; |Hash_light_top|round:round_inst|rho:rho_inst|lpm_divide:Mod0|lpm_divide_c2m:auto_generated|sign_div_unsign_fkh:divider|alt_u_div_4te:divider ; alt_u_div_4te       ; work         ;
;          |lpm_divide:Mod1|                   ; 17 (0)              ; 0 (0)                     ; 0                 ; 0          ; 0    ; 0            ; |Hash_light_top|round:round_inst|rho:rho_inst|lpm_divide:Mod1                                                                                 ; lpm_divide          ; work         ;
;             |lpm_divide_c2m:auto_generated|  ; 17 (0)              ; 0 (0)                     ; 0                 ; 0          ; 0    ; 0            ; |Hash_light_top|round:round_inst|rho:rho_inst|lpm_divide:Mod1|lpm_divide_c2m:auto_generated                                                   ; lpm_divide_c2m      ; work         ;
;                |sign_div_unsign_fkh:divider| ; 17 (0)              ; 0 (0)                     ; 0                 ; 0          ; 0    ; 0            ; |Hash_light_top|round:round_inst|rho:rho_inst|lpm_divide:Mod1|lpm_divide_c2m:auto_generated|sign_div_unsign_fkh:divider                       ; sign_div_unsign_fkh ; work         ;
;                   |alt_u_div_4te:divider|    ; 17 (17)             ; 0 (0)                     ; 0                 ; 0          ; 0    ; 0            ; |Hash_light_top|round:round_inst|rho:rho_inst|lpm_divide:Mod1|lpm_divide_c2m:auto_generated|sign_div_unsign_fkh:divider|alt_u_div_4te:divider ; alt_u_div_4te       ; work         ;
;          |lpm_divide:Mod2|                   ; 17 (0)              ; 0 (0)                     ; 0                 ; 0          ; 0    ; 0            ; |Hash_light_top|round:round_inst|rho:rho_inst|lpm_divide:Mod2                                                                                 ; lpm_divide          ; work         ;
;             |lpm_divide_c2m:auto_generated|  ; 17 (0)              ; 0 (0)                     ; 0                 ; 0          ; 0    ; 0            ; |Hash_light_top|round:round_inst|rho:rho_inst|lpm_divide:Mod2|lpm_divide_c2m:auto_generated                                                   ; lpm_divide_c2m      ; work         ;
;                |sign_div_unsign_fkh:divider| ; 17 (0)              ; 0 (0)                     ; 0                 ; 0          ; 0    ; 0            ; |Hash_light_top|round:round_inst|rho:rho_inst|lpm_divide:Mod2|lpm_divide_c2m:auto_generated|sign_div_unsign_fkh:divider                       ; sign_div_unsign_fkh ; work         ;
;                   |alt_u_div_4te:divider|    ; 17 (17)             ; 0 (0)                     ; 0                 ; 0          ; 0    ; 0            ; |Hash_light_top|round:round_inst|rho:rho_inst|lpm_divide:Mod2|lpm_divide_c2m:auto_generated|sign_div_unsign_fkh:divider|alt_u_div_4te:divider ; alt_u_div_4te       ; work         ;
;          |lpm_divide:Mod3|                   ; 17 (0)              ; 0 (0)                     ; 0                 ; 0          ; 0    ; 0            ; |Hash_light_top|round:round_inst|rho:rho_inst|lpm_divide:Mod3                                                                                 ; lpm_divide          ; work         ;
;             |lpm_divide_c2m:auto_generated|  ; 17 (0)              ; 0 (0)                     ; 0                 ; 0          ; 0    ; 0            ; |Hash_light_top|round:round_inst|rho:rho_inst|lpm_divide:Mod3|lpm_divide_c2m:auto_generated                                                   ; lpm_divide_c2m      ; work         ;
;                |sign_div_unsign_fkh:divider| ; 17 (0)              ; 0 (0)                     ; 0                 ; 0          ; 0    ; 0            ; |Hash_light_top|round:round_inst|rho:rho_inst|lpm_divide:Mod3|lpm_divide_c2m:auto_generated|sign_div_unsign_fkh:divider                       ; sign_div_unsign_fkh ; work         ;
;                   |alt_u_div_4te:divider|    ; 17 (17)             ; 0 (0)                     ; 0                 ; 0          ; 0    ; 0            ; |Hash_light_top|round:round_inst|rho:rho_inst|lpm_divide:Mod3|lpm_divide_c2m:auto_generated|sign_div_unsign_fkh:divider|alt_u_div_4te:divider ; alt_u_div_4te       ; work         ;
+----------------------------------------------+---------------------+---------------------------+-------------------+------------+------+--------------+-----------------------------------------------------------------------------------------------------------------------------------------------+---------------------+--------------+
Note: For table entries with two numbers listed, the numbers in parentheses indicate the number of resources of the given type used by the specific entity alone. The numbers listed outside of parentheses indicate the total resources of the given type used by the specific entity and all of its sub-entities in the hierarchy.


+------------------------------------------------------+
; General Register Statistics                          ;
+----------------------------------------------+-------+
; Statistic                                    ; Value ;
+----------------------------------------------+-------+
; Total registers                              ; 72    ;
; Number of registers using Synchronous Clear  ; 0     ;
; Number of registers using Synchronous Load   ; 64    ;
; Number of registers using Asynchronous Clear ; 8     ;
; Number of registers using Asynchronous Load  ; 0     ;
; Number of registers using Clock Enable       ; 69    ;
; Number of registers using Preset             ; 0     ;
+----------------------------------------------+-------+


+----------------------------------------------------------------------------------------------------------------------------------------------------+
; Multiplexer Restructuring Statistics (Restructuring Performed)                                                                                     ;
+--------------------+-----------+---------------+----------------------+------------------------+------------+--------------------------------------+
; Multiplexer Inputs ; Bus Width ; Baseline Area ; Area if Restructured ; Saving if Restructured ; Registered ; Example Multiplexer Output           ;
+--------------------+-----------+---------------+----------------------+------------------------+------------+--------------------------------------+
; 3:1                ; 32 bits   ; 64 LEs        ; 0 LEs                ; 64 LEs                 ; Yes        ; |Hash_light_top|H_intermediate[2][4] ;
; 9:1                ; 2 bits    ; 12 LEs        ; 8 LEs                ; 4 LEs                  ; Yes        ; |Hash_light_top|state[1]             ;
+--------------------+-----------+---------------+----------------------+------------------------+------------+--------------------------------------+


+--------------------------------------------------------------------------------+
; Parameter Settings for User Entity Instance: Top-level Entity: |Hash_light_top ;
+----------------+-------+-------------------------------------------------------+
; Parameter Name ; Value ; Type                                                  ;
+----------------+-------+-------------------------------------------------------+
; IDLE           ; 000   ; Unsigned Binary                                       ;
; CALC_SA        ; 001   ; Unsigned Binary                                       ;
; CALC_ROUND     ; 010   ; Unsigned Binary                                       ;
; CALC_FINAL     ; 011   ; Unsigned Binary                                       ;
; DONE           ; 100   ; Unsigned Binary                                       ;
+----------------+-------+-------------------------------------------------------+
Note: In order to hide this table in the UI and the text report file, please set the "Show Parameter Settings in Synthesis Report" option in "Analysis and Synthesis Settings -> More Settings" to "Off".


+---------------------------------------------------------------+
; Parameter Settings for User Entity Instance: round:round_inst ;
+----------------+-------+--------------------------------------+
; Parameter Name ; Value ; Type                                 ;
+----------------+-------+--------------------------------------+
; IDLE           ; 000   ; Unsigned Binary                      ;
; CALC_SA        ; 001   ; Unsigned Binary                      ;
; CALC_ROUND     ; 010   ; Unsigned Binary                      ;
; CALC_FINAL     ; 011   ; Unsigned Binary                      ;
; DONE           ; 100   ; Unsigned Binary                      ;
+----------------+-------+--------------------------------------+
Note: In order to hide this table in the UI and the text report file, please set the "Show Parameter Settings in Synthesis Report" option in "Analysis and Synthesis Settings -> More Settings" to "Off".


+------------------------------------------------------------------------------------------------+
; Parameter Settings for Inferred Entity Instance: round:round_inst|rho:rho_inst|lpm_divide:Mod0 ;
+------------------------+----------------+------------------------------------------------------+
; Parameter Name         ; Value          ; Type                                                 ;
+------------------------+----------------+------------------------------------------------------+
; LPM_WIDTHN             ; 8              ; Untyped                                              ;
; LPM_WIDTHD             ; 8              ; Untyped                                              ;
; LPM_NREPRESENTATION    ; UNSIGNED       ; Untyped                                              ;
; LPM_DREPRESENTATION    ; UNSIGNED       ; Untyped                                              ;
; LPM_PIPELINE           ; 0              ; Untyped                                              ;
; LPM_REMAINDERPOSITIVE  ; TRUE           ; Untyped                                              ;
; MAXIMIZE_SPEED         ; 5              ; Untyped                                              ;
; CBXI_PARAMETER         ; lpm_divide_c2m ; Untyped                                              ;
; CARRY_CHAIN            ; MANUAL         ; Untyped                                              ;
; OPTIMIZE_FOR_SPEED     ; 5              ; Untyped                                              ;
; AUTO_CARRY_CHAINS      ; ON             ; AUTO_CARRY                                           ;
; IGNORE_CARRY_BUFFERS   ; OFF            ; IGNORE_CARRY                                         ;
; AUTO_CASCADE_CHAINS    ; ON             ; AUTO_CASCADE                                         ;
; IGNORE_CASCADE_BUFFERS ; OFF            ; IGNORE_CASCADE                                       ;
+------------------------+----------------+------------------------------------------------------+
Note: In order to hide this table in the UI and the text report file, please set the "Show Parameter Settings in Synthesis Report" option in "Analysis and Synthesis Settings -> More Settings" to "Off".


+------------------------------------------------------------------------------------------------+
; Parameter Settings for Inferred Entity Instance: round:round_inst|rho:rho_inst|lpm_divide:Mod1 ;
+------------------------+----------------+------------------------------------------------------+
; Parameter Name         ; Value          ; Type                                                 ;
+------------------------+----------------+------------------------------------------------------+
; LPM_WIDTHN             ; 8              ; Untyped                                              ;
; LPM_WIDTHD             ; 8              ; Untyped                                              ;
; LPM_NREPRESENTATION    ; UNSIGNED       ; Untyped                                              ;
; LPM_DREPRESENTATION    ; UNSIGNED       ; Untyped                                              ;
; LPM_PIPELINE           ; 0              ; Untyped                                              ;
; LPM_REMAINDERPOSITIVE  ; TRUE           ; Untyped                                              ;
; MAXIMIZE_SPEED         ; 5              ; Untyped                                              ;
; CBXI_PARAMETER         ; lpm_divide_c2m ; Untyped                                              ;
; CARRY_CHAIN            ; MANUAL         ; Untyped                                              ;
; OPTIMIZE_FOR_SPEED     ; 5              ; Untyped                                              ;
; AUTO_CARRY_CHAINS      ; ON             ; AUTO_CARRY                                           ;
; IGNORE_CARRY_BUFFERS   ; OFF            ; IGNORE_CARRY                                         ;
; AUTO_CASCADE_CHAINS    ; ON             ; AUTO_CASCADE                                         ;
; IGNORE_CASCADE_BUFFERS ; OFF            ; IGNORE_CASCADE                                       ;
+------------------------+----------------+------------------------------------------------------+
Note: In order to hide this table in the UI and the text report file, please set the "Show Parameter Settings in Synthesis Report" option in "Analysis and Synthesis Settings -> More Settings" to "Off".


+------------------------------------------------------------------------------------------------+
; Parameter Settings for Inferred Entity Instance: round:round_inst|rho:rho_inst|lpm_divide:Mod2 ;
+------------------------+----------------+------------------------------------------------------+
; Parameter Name         ; Value          ; Type                                                 ;
+------------------------+----------------+------------------------------------------------------+
; LPM_WIDTHN             ; 8              ; Untyped                                              ;
; LPM_WIDTHD             ; 8              ; Untyped                                              ;
; LPM_NREPRESENTATION    ; UNSIGNED       ; Untyped                                              ;
; LPM_DREPRESENTATION    ; UNSIGNED       ; Untyped                                              ;
; LPM_PIPELINE           ; 0              ; Untyped                                              ;
; LPM_REMAINDERPOSITIVE  ; TRUE           ; Untyped                                              ;
; MAXIMIZE_SPEED         ; 5              ; Untyped                                              ;
; CBXI_PARAMETER         ; lpm_divide_c2m ; Untyped                                              ;
; CARRY_CHAIN            ; MANUAL         ; Untyped                                              ;
; OPTIMIZE_FOR_SPEED     ; 5              ; Untyped                                              ;
; AUTO_CARRY_CHAINS      ; ON             ; AUTO_CARRY                                           ;
; IGNORE_CARRY_BUFFERS   ; OFF            ; IGNORE_CARRY                                         ;
; AUTO_CASCADE_CHAINS    ; ON             ; AUTO_CASCADE                                         ;
; IGNORE_CASCADE_BUFFERS ; OFF            ; IGNORE_CASCADE                                       ;
+------------------------+----------------+------------------------------------------------------+
Note: In order to hide this table in the UI and the text report file, please set the "Show Parameter Settings in Synthesis Report" option in "Analysis and Synthesis Settings -> More Settings" to "Off".


+------------------------------------------------------------------------------------------------+
; Parameter Settings for Inferred Entity Instance: round:round_inst|rho:rho_inst|lpm_divide:Mod3 ;
+------------------------+----------------+------------------------------------------------------+
; Parameter Name         ; Value          ; Type                                                 ;
+------------------------+----------------+------------------------------------------------------+
; LPM_WIDTHN             ; 8              ; Untyped                                              ;
; LPM_WIDTHD             ; 8              ; Untyped                                              ;
; LPM_NREPRESENTATION    ; UNSIGNED       ; Untyped                                              ;
; LPM_DREPRESENTATION    ; UNSIGNED       ; Untyped                                              ;
; LPM_PIPELINE           ; 0              ; Untyped                                              ;
; LPM_REMAINDERPOSITIVE  ; TRUE           ; Untyped                                              ;
; MAXIMIZE_SPEED         ; 5              ; Untyped                                              ;
; CBXI_PARAMETER         ; lpm_divide_c2m ; Untyped                                              ;
; CARRY_CHAIN            ; MANUAL         ; Untyped                                              ;
; OPTIMIZE_FOR_SPEED     ; 5              ; Untyped                                              ;
; AUTO_CARRY_CHAINS      ; ON             ; AUTO_CARRY                                           ;
; IGNORE_CARRY_BUFFERS   ; OFF            ; IGNORE_CARRY                                         ;
; AUTO_CASCADE_CHAINS    ; ON             ; AUTO_CASCADE                                         ;
; IGNORE_CASCADE_BUFFERS ; OFF            ; IGNORE_CASCADE                                       ;
+------------------------+----------------+------------------------------------------------------+
Note: In order to hide this table in the UI and the text report file, please set the "Show Parameter Settings in Synthesis Report" option in "Analysis and Synthesis Settings -> More Settings" to "Off".


+-----------------------------------------------------+
; Post-Synthesis Netlist Statistics for Top Partition ;
+-----------------------+-----------------------------+
; Type                  ; Count                       ;
+-----------------------+-----------------------------+
; arriav_ff             ; 72                          ;
;     CLR               ; 3                           ;
;     ENA CLR           ; 5                           ;
;     ENA SLD           ; 64                          ;
; arriav_lcell_comb     ; 164                         ;
;     arith             ; 64                          ;
;         0 data inputs ; 4                           ;
;         1 data inputs ; 28                          ;
;         3 data inputs ; 12                          ;
;         4 data inputs ; 16                          ;
;         5 data inputs ; 4                           ;
;     normal            ; 100                         ;
;         2 data inputs ; 48                          ;
;         3 data inputs ; 42                          ;
;         4 data inputs ; 4                           ;
;         5 data inputs ; 5                           ;
;         6 data inputs ; 1                           ;
; boundary_port         ; 100                         ;
;                       ;                             ;
; Max LUT depth         ; 4.70                        ;
; Average LUT depth     ; 3.21                        ;
+-----------------------+-----------------------------+


+-------------------------------+
; Elapsed Time Per Partition    ;
+----------------+--------------+
; Partition Name ; Elapsed Time ;
+----------------+--------------+
; Top            ; 00:00:01     ;
+----------------+--------------+


+-------------------------------+
; Analysis & Synthesis Messages ;
+-------------------------------+
Info: *******************************************************************
Info: Running Quartus Prime Analysis & Synthesis
    Info: Version 23.1std.1 Build 993 05/14/2024 SC Lite Edition
    Info: Processing started: Thu Aug 22 11:28:58 2024
Info: Command: quartus_map --read_settings_files=on --write_settings_files=off Hash_light_top -c Hash_light_top
Warning (18236): Number of processors has not been specified which may cause overloading on shared machines.  Set the global assignment NUM_PARALLEL_PROCESSORS in your QSF to an appropriate value for best performance.
Info (20030): Parallel compilation is enabled and will use 4 of the 4 processors detected
Info (12021): Found 1 design units, including 1 entities, in source file /users/fabbr/desktop/hes-project/tb/hash_light_tb.sv
    Info (12023): Found entity 1: hash_function_tb File: C:/Users/fabbr/Desktop/HES-project/tb/Hash_light_tb.sv Line: 1
Info (12021): Found 1 design units, including 1 entities, in source file /users/fabbr/desktop/hes-project/db/xor_module.sv
    Info (12023): Found entity 1: XOR_Module File: C:/Users/fabbr/Desktop/HES-project/db/Xor_module.sv Line: 1
Info (12021): Found 1 design units, including 1 entities, in source file /users/fabbr/desktop/hes-project/db/theta.sv
    Info (12023): Found entity 1: Theta File: C:/Users/fabbr/Desktop/HES-project/db/Theta.sv Line: 1
Info (12021): Found 1 design units, including 1 entities, in source file /users/fabbr/desktop/hes-project/db/sa.sv
    Info (12023): Found entity 1: SA File: C:/Users/fabbr/Desktop/HES-project/db/SA.sv Line: 1
Info (12021): Found 1 design units, including 1 entities, in source file /users/fabbr/desktop/hes-project/db/rho.sv
    Info (12023): Found entity 1: rho File: C:/Users/fabbr/Desktop/HES-project/db/Rho.sv Line: 1
Info (12021): Found 1 design units, including 1 entities, in source file /users/fabbr/desktop/hes-project/db/hash_round.sv
    Info (12023): Found entity 1: round File: C:/Users/fabbr/Desktop/HES-project/db/Hash_round.sv Line: 1
Info (12021): Found 1 design units, including 1 entities, in source file /users/fabbr/desktop/hes-project/db/hash_light_top.sv
    Info (12023): Found entity 1: Hash_light_top File: C:/Users/fabbr/Desktop/HES-project/db/Hash_light_top.sv Line: 1
Info (12021): Found 1 design units, including 1 entities, in source file /users/fabbr/desktop/hes-project/db/fpx.sv
    Info (12023): Found entity 1: FPX File: C:/Users/fabbr/Desktop/HES-project/db/FPX.sv Line: 2
Info (12127): Elaborating entity "Hash_light_top" for the top level hierarchy
Warning (10230): Verilog HDL assignment warning at Hash_light_top.sv(54): truncated value with size 32 to match size of target (5) File: C:/Users/fabbr/Desktop/HES-project/db/Hash_light_top.sv Line: 54
Warning (10230): Verilog HDL assignment warning at Hash_light_top.sv(58): truncated value with size 32 to match size of target (5) File: C:/Users/fabbr/Desktop/HES-project/db/Hash_light_top.sv Line: 58
Warning (10270): Verilog HDL Case Statement warning at Hash_light_top.sv(72): incomplete case statement has no default case item File: C:/Users/fabbr/Desktop/HES-project/db/Hash_light_top.sv Line: 72
Info (12128): Elaborating entity "round" for hierarchy "round:round_inst" File: C:/Users/fabbr/Desktop/HES-project/db/Hash_light_top.sv Line: 37
Info (10264): Verilog HDL Case Statement information at Hash_round.sv(25): all case item expressions in this case statement are onehot File: C:/Users/fabbr/Desktop/HES-project/db/Hash_round.sv Line: 25
Info (12128): Elaborating entity "SA" for hierarchy "round:round_inst|SA:sa_inst" File: C:/Users/fabbr/Desktop/HES-project/db/Hash_round.sv Line: 19
Info (12128): Elaborating entity "XOR_Module" for hierarchy "round:round_inst|XOR_Module:xor_inst" File: C:/Users/fabbr/Desktop/HES-project/db/Hash_round.sv Line: 20
Info (12128): Elaborating entity "Theta" for hierarchy "round:round_inst|Theta:theta_inst" File: C:/Users/fabbr/Desktop/HES-project/db/Hash_round.sv Line: 21
Info (12128): Elaborating entity "rho" for hierarchy "round:round_inst|rho:rho_inst" File: C:/Users/fabbr/Desktop/HES-project/db/Hash_round.sv Line: 22
Info (12128): Elaborating entity "FPX" for hierarchy "FPX:fpx_inst" File: C:/Users/fabbr/Desktop/HES-project/db/Hash_light_top.sv Line: 38
Info (278001): Inferred 4 megafunctions from design logic
    Info (278004): Inferred divider/modulo megafunction ("lpm_divide") from the following logic: "round:round_inst|rho:rho_inst|Mod0" File: C:/Users/fabbr/Desktop/HES-project/db/Rho.sv Line: 7
    Info (278004): Inferred divider/modulo megafunction ("lpm_divide") from the following logic: "round:round_inst|rho:rho_inst|Mod1" File: C:/Users/fabbr/Desktop/HES-project/db/Rho.sv Line: 7
    Info (278004): Inferred divider/modulo megafunction ("lpm_divide") from the following logic: "round:round_inst|rho:rho_inst|Mod2" File: C:/Users/fabbr/Desktop/HES-project/db/Rho.sv Line: 7
    Info (278004): Inferred divider/modulo megafunction ("lpm_divide") from the following logic: "round:round_inst|rho:rho_inst|Mod3" File: C:/Users/fabbr/Desktop/HES-project/db/Rho.sv Line: 7
Info (12130): Elaborated megafunction instantiation "round:round_inst|rho:rho_inst|lpm_divide:Mod0" File: C:/Users/fabbr/Desktop/HES-project/db/Rho.sv Line: 7
Info (12133): Instantiated megafunction "round:round_inst|rho:rho_inst|lpm_divide:Mod0" with the following parameter: File: C:/Users/fabbr/Desktop/HES-project/db/Rho.sv Line: 7
    Info (12134): Parameter "LPM_WIDTHN" = "8"
    Info (12134): Parameter "LPM_WIDTHD" = "8"
    Info (12134): Parameter "LPM_NREPRESENTATION" = "UNSIGNED"
    Info (12134): Parameter "LPM_DREPRESENTATION" = "UNSIGNED"
Info (12021): Found 1 design units, including 1 entities, in source file db/lpm_divide_c2m.tdf
    Info (12023): Found entity 1: lpm_divide_c2m File: C:/Users/fabbr/Desktop/HES-project/quartus/db/lpm_divide_c2m.tdf Line: 25
Info (12021): Found 1 design units, including 1 entities, in source file db/sign_div_unsign_fkh.tdf
    Info (12023): Found entity 1: sign_div_unsign_fkh File: C:/Users/fabbr/Desktop/HES-project/quartus/db/sign_div_unsign_fkh.tdf Line: 25
Info (12021): Found 1 design units, including 1 entities, in source file db/alt_u_div_4te.tdf
    Info (12023): Found entity 1: alt_u_div_4te File: C:/Users/fabbr/Desktop/HES-project/quartus/db/alt_u_div_4te.tdf Line: 23
Info (286030): Timing-Driven Synthesis is running
Info (144001): Generated suppressed messages file C:/Users/fabbr/Desktop/HES-project/quartus/output_files/Hash_light_top.map.smsg
Info (16010): Generating hard_block partition "hard_block:auto_generated_inst"
    Info (16011): Adding 0 node(s), including 0 DDIO, 0 PLL, 0 transceiver and 0 LCELL
Info (15717): Design contains 99 virtual pins; timing numbers associated with paths containing virtual pins are estimates
    Info (15719): Pin "d[3][0]" is virtual output pin File: C:/Users/fabbr/Desktop/HES-project/db/Hash_light_top.sv Line: 7
    Info (15719): Pin "d[3][1]" is virtual output pin File: C:/Users/fabbr/Desktop/HES-project/db/Hash_light_top.sv Line: 7
    Info (15719): Pin "d[3][2]" is virtual output pin File: C:/Users/fabbr/Desktop/HES-project/db/Hash_light_top.sv Line: 7
    Info (15719): Pin "d[3][3]" is virtual output pin File: C:/Users/fabbr/Desktop/HES-project/db/Hash_light_top.sv Line: 7
    Info (15719): Pin "d[3][4]" is virtual output pin File: C:/Users/fabbr/Desktop/HES-project/db/Hash_light_top.sv Line: 7
    Info (15719): Pin "d[3][5]" is virtual output pin File: C:/Users/fabbr/Desktop/HES-project/db/Hash_light_top.sv Line: 7
    Info (15719): Pin "d[3][6]" is virtual output pin File: C:/Users/fabbr/Desktop/HES-project/db/Hash_light_top.sv Line: 7
    Info (15719): Pin "d[3][7]" is virtual output pin File: C:/Users/fabbr/Desktop/HES-project/db/Hash_light_top.sv Line: 7
    Info (15719): Pin "d[2][0]" is virtual output pin File: C:/Users/fabbr/Desktop/HES-project/db/Hash_light_top.sv Line: 7
    Info (15719): Pin "d[2][1]" is virtual output pin File: C:/Users/fabbr/Desktop/HES-project/db/Hash_light_top.sv Line: 7
    Info (15719): Pin "d[2][2]" is virtual output pin File: C:/Users/fabbr/Desktop/HES-project/db/Hash_light_top.sv Line: 7
    Info (15719): Pin "d[2][3]" is virtual output pin File: C:/Users/fabbr/Desktop/HES-project/db/Hash_light_top.sv Line: 7
    Info (15719): Pin "d[2][4]" is virtual output pin File: C:/Users/fabbr/Desktop/HES-project/db/Hash_light_top.sv Line: 7
    Info (15719): Pin "d[2][5]" is virtual output pin File: C:/Users/fabbr/Desktop/HES-project/db/Hash_light_top.sv Line: 7
    Info (15719): Pin "d[2][6]" is virtual output pin File: C:/Users/fabbr/Desktop/HES-project/db/Hash_light_top.sv Line: 7
    Info (15719): Pin "d[2][7]" is virtual output pin File: C:/Users/fabbr/Desktop/HES-project/db/Hash_light_top.sv Line: 7
    Info (15719): Pin "d[1][0]" is virtual output pin File: C:/Users/fabbr/Desktop/HES-project/db/Hash_light_top.sv Line: 7
    Info (15719): Pin "d[1][1]" is virtual output pin File: C:/Users/fabbr/Desktop/HES-project/db/Hash_light_top.sv Line: 7
    Info (15719): Pin "d[1][2]" is virtual output pin File: C:/Users/fabbr/Desktop/HES-project/db/Hash_light_top.sv Line: 7
    Info (15719): Pin "d[1][3]" is virtual output pin File: C:/Users/fabbr/Desktop/HES-project/db/Hash_light_top.sv Line: 7
    Info (15719): Pin "d[1][4]" is virtual output pin File: C:/Users/fabbr/Desktop/HES-project/db/Hash_light_top.sv Line: 7
    Info (15719): Pin "d[1][5]" is virtual output pin File: C:/Users/fabbr/Desktop/HES-project/db/Hash_light_top.sv Line: 7
    Info (15719): Pin "d[1][6]" is virtual output pin File: C:/Users/fabbr/Desktop/HES-project/db/Hash_light_top.sv Line: 7
    Info (15719): Pin "d[1][7]" is virtual output pin File: C:/Users/fabbr/Desktop/HES-project/db/Hash_light_top.sv Line: 7
    Info (15719): Pin "d[0][0]" is virtual output pin File: C:/Users/fabbr/Desktop/HES-project/db/Hash_light_top.sv Line: 7
    Info (15719): Pin "d[0][1]" is virtual output pin File: C:/Users/fabbr/Desktop/HES-project/db/Hash_light_top.sv Line: 7
    Info (15719): Pin "d[0][2]" is virtual output pin File: C:/Users/fabbr/Desktop/HES-project/db/Hash_light_top.sv Line: 7
    Info (15719): Pin "d[0][3]" is virtual output pin File: C:/Users/fabbr/Desktop/HES-project/db/Hash_light_top.sv Line: 7
    Info (15719): Pin "d[0][4]" is virtual output pin File: C:/Users/fabbr/Desktop/HES-project/db/Hash_light_top.sv Line: 7
    Info (15719): Pin "d[0][5]" is virtual output pin File: C:/Users/fabbr/Desktop/HES-project/db/Hash_light_top.sv Line: 7
    Info (15719): Pin "d[0][6]" is virtual output pin File: C:/Users/fabbr/Desktop/HES-project/db/Hash_light_top.sv Line: 7
    Info (15719): Pin "d[0][7]" is virtual output pin File: C:/Users/fabbr/Desktop/HES-project/db/Hash_light_top.sv Line: 7
    Info (15719): Pin "done" is virtual output pin File: C:/Users/fabbr/Desktop/HES-project/db/Hash_light_top.sv Line: 9
    Info (15718): Pin "IV[3][0]" is virtual input pin File: C:/Users/fabbr/Desktop/HES-project/db/Hash_light_top.sv Line: 6
    Info (15718): Pin "IV[3][1]" is virtual input pin File: C:/Users/fabbr/Desktop/HES-project/db/Hash_light_top.sv Line: 6
    Info (15718): Pin "IV[3][2]" is virtual input pin File: C:/Users/fabbr/Desktop/HES-project/db/Hash_light_top.sv Line: 6
    Info (15718): Pin "IV[3][3]" is virtual input pin File: C:/Users/fabbr/Desktop/HES-project/db/Hash_light_top.sv Line: 6
    Info (15718): Pin "IV[3][4]" is virtual input pin File: C:/Users/fabbr/Desktop/HES-project/db/Hash_light_top.sv Line: 6
    Info (15718): Pin "IV[3][5]" is virtual input pin File: C:/Users/fabbr/Desktop/HES-project/db/Hash_light_top.sv Line: 6
    Info (15718): Pin "IV[3][6]" is virtual input pin File: C:/Users/fabbr/Desktop/HES-project/db/Hash_light_top.sv Line: 6
    Info (15718): Pin "IV[3][7]" is virtual input pin File: C:/Users/fabbr/Desktop/HES-project/db/Hash_light_top.sv Line: 6
    Info (15718): Pin "IV[2][0]" is virtual input pin File: C:/Users/fabbr/Desktop/HES-project/db/Hash_light_top.sv Line: 6
    Info (15718): Pin "IV[2][1]" is virtual input pin File: C:/Users/fabbr/Desktop/HES-project/db/Hash_light_top.sv Line: 6
    Info (15718): Pin "IV[2][2]" is virtual input pin File: C:/Users/fabbr/Desktop/HES-project/db/Hash_light_top.sv Line: 6
    Info (15718): Pin "IV[2][3]" is virtual input pin File: C:/Users/fabbr/Desktop/HES-project/db/Hash_light_top.sv Line: 6
    Info (15718): Pin "IV[2][4]" is virtual input pin File: C:/Users/fabbr/Desktop/HES-project/db/Hash_light_top.sv Line: 6
    Info (15718): Pin "IV[2][5]" is virtual input pin File: C:/Users/fabbr/Desktop/HES-project/db/Hash_light_top.sv Line: 6
    Info (15718): Pin "IV[2][6]" is virtual input pin File: C:/Users/fabbr/Desktop/HES-project/db/Hash_light_top.sv Line: 6
    Info (15718): Pin "IV[2][7]" is virtual input pin File: C:/Users/fabbr/Desktop/HES-project/db/Hash_light_top.sv Line: 6
    Info (15718): Pin "IV[1][0]" is virtual input pin File: C:/Users/fabbr/Desktop/HES-project/db/Hash_light_top.sv Line: 6
    Info (15718): Pin "IV[1][1]" is virtual input pin File: C:/Users/fabbr/Desktop/HES-project/db/Hash_light_top.sv Line: 6
    Info (15718): Pin "IV[1][2]" is virtual input pin File: C:/Users/fabbr/Desktop/HES-project/db/Hash_light_top.sv Line: 6
    Info (15718): Pin "IV[1][3]" is virtual input pin File: C:/Users/fabbr/Desktop/HES-project/db/Hash_light_top.sv Line: 6
    Info (15718): Pin "IV[1][4]" is virtual input pin File: C:/Users/fabbr/Desktop/HES-project/db/Hash_light_top.sv Line: 6
    Info (15718): Pin "IV[1][5]" is virtual input pin File: C:/Users/fabbr/Desktop/HES-project/db/Hash_light_top.sv Line: 6
    Info (15718): Pin "IV[1][6]" is virtual input pin File: C:/Users/fabbr/Desktop/HES-project/db/Hash_light_top.sv Line: 6
    Info (15718): Pin "IV[1][7]" is virtual input pin File: C:/Users/fabbr/Desktop/HES-project/db/Hash_light_top.sv Line: 6
    Info (15718): Pin "IV[0][0]" is virtual input pin File: C:/Users/fabbr/Desktop/HES-project/db/Hash_light_top.sv Line: 6
    Info (15718): Pin "IV[0][1]" is virtual input pin File: C:/Users/fabbr/Desktop/HES-project/db/Hash_light_top.sv Line: 6
    Info (15718): Pin "IV[0][2]" is virtual input pin File: C:/Users/fabbr/Desktop/HES-project/db/Hash_light_top.sv Line: 6
    Info (15718): Pin "IV[0][3]" is virtual input pin File: C:/Users/fabbr/Desktop/HES-project/db/Hash_light_top.sv Line: 6
    Info (15718): Pin "IV[0][4]" is virtual input pin File: C:/Users/fabbr/Desktop/HES-project/db/Hash_light_top.sv Line: 6
    Info (15718): Pin "IV[0][5]" is virtual input pin File: C:/Users/fabbr/Desktop/HES-project/db/Hash_light_top.sv Line: 6
    Info (15718): Pin "IV[0][6]" is virtual input pin File: C:/Users/fabbr/Desktop/HES-project/db/Hash_light_top.sv Line: 6
    Info (15718): Pin "IV[0][7]" is virtual input pin File: C:/Users/fabbr/Desktop/HES-project/db/Hash_light_top.sv Line: 6
    Info (15718): Pin "rst_n" is virtual input pin File: C:/Users/fabbr/Desktop/HES-project/db/Hash_light_top.sv Line: 3
    Info (15718): Pin "start" is virtual input pin File: C:/Users/fabbr/Desktop/HES-project/db/Hash_light_top.sv Line: 4
    Info (15718): Pin "m[3][0]" is virtual input pin File: C:/Users/fabbr/Desktop/HES-project/db/Hash_light_top.sv Line: 5
    Info (15718): Pin "m[2][0]" is virtual input pin File: C:/Users/fabbr/Desktop/HES-project/db/Hash_light_top.sv Line: 5
    Info (15718): Pin "m[1][0]" is virtual input pin File: C:/Users/fabbr/Desktop/HES-project/db/Hash_light_top.sv Line: 5
    Info (15718): Pin "m[0][0]" is virtual input pin File: C:/Users/fabbr/Desktop/HES-project/db/Hash_light_top.sv Line: 5
    Info (15718): Pin "m[3][1]" is virtual input pin File: C:/Users/fabbr/Desktop/HES-project/db/Hash_light_top.sv Line: 5
    Info (15718): Pin "m[3][2]" is virtual input pin File: C:/Users/fabbr/Desktop/HES-project/db/Hash_light_top.sv Line: 5
    Info (15718): Pin "m[3][3]" is virtual input pin File: C:/Users/fabbr/Desktop/HES-project/db/Hash_light_top.sv Line: 5
    Info (15718): Pin "m[3][4]" is virtual input pin File: C:/Users/fabbr/Desktop/HES-project/db/Hash_light_top.sv Line: 5
    Info (15718): Pin "m[3][5]" is virtual input pin File: C:/Users/fabbr/Desktop/HES-project/db/Hash_light_top.sv Line: 5
    Info (15718): Pin "m[3][6]" is virtual input pin File: C:/Users/fabbr/Desktop/HES-project/db/Hash_light_top.sv Line: 5
    Info (15718): Pin "m[3][7]" is virtual input pin File: C:/Users/fabbr/Desktop/HES-project/db/Hash_light_top.sv Line: 5
    Info (15718): Pin "m[2][1]" is virtual input pin File: C:/Users/fabbr/Desktop/HES-project/db/Hash_light_top.sv Line: 5
    Info (15718): Pin "m[2][2]" is virtual input pin File: C:/Users/fabbr/Desktop/HES-project/db/Hash_light_top.sv Line: 5
    Info (15718): Pin "m[2][3]" is virtual input pin File: C:/Users/fabbr/Desktop/HES-project/db/Hash_light_top.sv Line: 5
    Info (15718): Pin "m[2][4]" is virtual input pin File: C:/Users/fabbr/Desktop/HES-project/db/Hash_light_top.sv Line: 5
    Info (15718): Pin "m[2][5]" is virtual input pin File: C:/Users/fabbr/Desktop/HES-project/db/Hash_light_top.sv Line: 5
    Info (15718): Pin "m[2][6]" is virtual input pin File: C:/Users/fabbr/Desktop/HES-project/db/Hash_light_top.sv Line: 5
    Info (15718): Pin "m[2][7]" is virtual input pin File: C:/Users/fabbr/Desktop/HES-project/db/Hash_light_top.sv Line: 5
    Info (15718): Pin "m[1][1]" is virtual input pin File: C:/Users/fabbr/Desktop/HES-project/db/Hash_light_top.sv Line: 5
    Info (15718): Pin "m[1][2]" is virtual input pin File: C:/Users/fabbr/Desktop/HES-project/db/Hash_light_top.sv Line: 5
    Info (15718): Pin "m[1][3]" is virtual input pin File: C:/Users/fabbr/Desktop/HES-project/db/Hash_light_top.sv Line: 5
    Info (15718): Pin "m[1][4]" is virtual input pin File: C:/Users/fabbr/Desktop/HES-project/db/Hash_light_top.sv Line: 5
    Info (15718): Pin "m[1][5]" is virtual input pin File: C:/Users/fabbr/Desktop/HES-project/db/Hash_light_top.sv Line: 5
    Info (15718): Pin "m[1][6]" is virtual input pin File: C:/Users/fabbr/Desktop/HES-project/db/Hash_light_top.sv Line: 5
    Info (15718): Pin "m[1][7]" is virtual input pin File: C:/Users/fabbr/Desktop/HES-project/db/Hash_light_top.sv Line: 5
    Info (15718): Pin "m[0][1]" is virtual input pin File: C:/Users/fabbr/Desktop/HES-project/db/Hash_light_top.sv Line: 5
    Info (15718): Pin "m[0][2]" is virtual input pin File: C:/Users/fabbr/Desktop/HES-project/db/Hash_light_top.sv Line: 5
    Info (15718): Pin "m[0][3]" is virtual input pin File: C:/Users/fabbr/Desktop/HES-project/db/Hash_light_top.sv Line: 5
    Info (15718): Pin "m[0][4]" is virtual input pin File: C:/Users/fabbr/Desktop/HES-project/db/Hash_light_top.sv Line: 5
    Info (15718): Pin "m[0][5]" is virtual input pin File: C:/Users/fabbr/Desktop/HES-project/db/Hash_light_top.sv Line: 5
    Info (15718): Pin "m[0][6]" is virtual input pin File: C:/Users/fabbr/Desktop/HES-project/db/Hash_light_top.sv Line: 5
    Info (15718): Pin "m[0][7]" is virtual input pin File: C:/Users/fabbr/Desktop/HES-project/db/Hash_light_top.sv Line: 5
Warning (15752): Ignored 79 Virtual Pin logic option assignments
    Warning (15720): Ignored Virtual Pin assignment to node "H_fpx[0][0]"
    Warning (15720): Ignored Virtual Pin assignment to node "H_fpx[0][1]"
    Warning (15720): Ignored Virtual Pin assignment to node "H_fpx[0][2]"
    Warning (15720): Ignored Virtual Pin assignment to node "H_fpx[0][3]"
    Warning (15720): Ignored Virtual Pin assignment to node "H_fpx[0][4]"
    Warning (15720): Ignored Virtual Pin assignment to node "H_fpx[0][5]"
    Warning (15720): Ignored Virtual Pin assignment to node "H_fpx[0][6]"
    Warning (15720): Ignored Virtual Pin assignment to node "H_fpx[0][7]"
    Warning (15720): Ignored Virtual Pin assignment to node "H_fpx[1][0]"
    Warning (15720): Ignored Virtual Pin assignment to node "H_fpx[1][1]"
    Warning (15720): Ignored Virtual Pin assignment to node "H_fpx[1][2]"
    Warning (15720): Ignored Virtual Pin assignment to node "H_fpx[1][3]"
    Warning (15720): Ignored Virtual Pin assignment to node "H_fpx[1][4]"
    Warning (15720): Ignored Virtual Pin assignment to node "H_fpx[1][5]"
    Warning (15720): Ignored Virtual Pin assignment to node "H_fpx[1][6]"
    Warning (15720): Ignored Virtual Pin assignment to node "H_fpx[1][7]"
    Warning (15720): Ignored Virtual Pin assignment to node "H_fpx[2][0]"
    Warning (15720): Ignored Virtual Pin assignment to node "H_fpx[2][1]"
    Warning (15720): Ignored Virtual Pin assignment to node "H_fpx[2][2]"
    Warning (15720): Ignored Virtual Pin assignment to node "H_fpx[2][3]"
    Warning (15720): Ignored Virtual Pin assignment to node "H_fpx[2][4]"
    Warning (15720): Ignored Virtual Pin assignment to node "H_fpx[2][5]"
    Warning (15720): Ignored Virtual Pin assignment to node "H_fpx[2][6]"
    Warning (15720): Ignored Virtual Pin assignment to node "H_fpx[2][7]"
    Warning (15720): Ignored Virtual Pin assignment to node "H_fpx[3][0]"
    Warning (15720): Ignored Virtual Pin assignment to node "H_fpx[3][1]"
    Warning (15720): Ignored Virtual Pin assignment to node "H_fpx[3][2]"
    Warning (15720): Ignored Virtual Pin assignment to node "H_fpx[3][3]"
    Warning (15720): Ignored Virtual Pin assignment to node "H_fpx[3][4]"
    Warning (15720): Ignored Virtual Pin assignment to node "H_fpx[3][5]"
    Warning (15720): Ignored Virtual Pin assignment to node "H_fpx[3][6]"
    Warning (15720): Ignored Virtual Pin assignment to node "H_fpx[3][7]"
    Warning (15720): Ignored Virtual Pin assignment to node "H_intermediate[3][0]"
    Warning (15720): Ignored Virtual Pin assignment to node "H_intermediate[2][0]"
    Warning (15720): Ignored Virtual Pin assignment to node "H_intermediate[1][0]"
    Warning (15720): Ignored Virtual Pin assignment to node "H_intermediate[0][0]"
    Warning (15720): Ignored Virtual Pin assignment to node "H_intermediate[3][1]"
    Warning (15720): Ignored Virtual Pin assignment to node "H_intermediate[3][2]"
    Warning (15720): Ignored Virtual Pin assignment to node "H_intermediate[3][3]"
    Warning (15720): Ignored Virtual Pin assignment to node "H_intermediate[3][4]"
    Warning (15720): Ignored Virtual Pin assignment to node "H_intermediate[3][5]"
    Warning (15720): Ignored Virtual Pin assignment to node "H_intermediate[3][6]"
    Warning (15720): Ignored Virtual Pin assignment to node "H_intermediate[3][7]"
    Warning (15720): Ignored Virtual Pin assignment to node "H_intermediate[2][1]"
    Warning (15720): Ignored Virtual Pin assignment to node "H_intermediate[2][2]"
    Warning (15720): Ignored Virtual Pin assignment to node "H_intermediate[2][3]"
    Warning (15720): Ignored Virtual Pin assignment to node "H_intermediate[2][4]"
    Warning (15720): Ignored Virtual Pin assignment to node "H_intermediate[2][5]"
    Warning (15720): Ignored Virtual Pin assignment to node "H_intermediate[2][6]"
    Warning (15720): Ignored Virtual Pin assignment to node "H_intermediate[2][7]"
    Warning (15720): Ignored Virtual Pin assignment to node "H_intermediate[1][1]"
    Warning (15720): Ignored Virtual Pin assignment to node "H_intermediate[1][2]"
    Warning (15720): Ignored Virtual Pin assignment to node "H_intermediate[1][3]"
    Warning (15720): Ignored Virtual Pin assignment to node "H_intermediate[1][4]"
    Warning (15720): Ignored Virtual Pin assignment to node "H_intermediate[1][5]"
    Warning (15720): Ignored Virtual Pin assignment to node "H_intermediate[1][6]"
    Warning (15720): Ignored Virtual Pin assignment to node "H_intermediate[1][7]"
    Warning (15720): Ignored Virtual Pin assignment to node "H_intermediate[0][1]"
    Warning (15720): Ignored Virtual Pin assignment to node "H_intermediate[0][2]"
    Warning (15720): Ignored Virtual Pin assignment to node "H_intermediate[0][3]"
    Warning (15720): Ignored Virtual Pin assignment to node "H_intermediate[0][4]"
    Warning (15720): Ignored Virtual Pin assignment to node "H_intermediate[0][5]"
    Warning (15720): Ignored Virtual Pin assignment to node "H_intermediate[0][6]"
    Warning (15720): Ignored Virtual Pin assignment to node "H_intermediate[0][7]"
    Warning (15751): Ignored Virtual Pin assignment to "Mux2".
    Warning (15751): Ignored Virtual Pin assignment to "LessThan0".
    Warning (15751): Ignored Virtual Pin assignment to "Equal2".
    Warning (15751): Ignored Virtual Pin assignment to "always0".
    Warning (15751): Ignored Virtual Pin assignment to "Equal1".
    Warning (15751): Ignored Virtual Pin assignment to "LessThan1".
    Warning (15751): Ignored Virtual Pin assignment to "Mux0".
    Warning (15751): Ignored Virtual Pin assignment to "Equal0".
    Warning (15751): Ignored Virtual Pin assignment to "next_state".
    Warning (15751): Ignored Virtual Pin assignment to "H_out".
    Warning (15751): Ignored Virtual Pin assignment to "H".
    Warning (15751): Ignored Virtual Pin assignment to "Equal3".
    Warning (15751): Ignored Virtual Pin assignment to "Mux1".
    Warning (15751): Ignored Virtual Pin assignment to "Decoder0".
    Warning (15751): Ignored Virtual Pin assignment to "always1".
Info (21057): Implemented 296 device resources after synthesis - the final resource count might be different
    Info (21058): Implemented 1 input pins
    Info (21059): Implemented 0 output pins
    Info (21061): Implemented 295 logic cells
Info: Quartus Prime Analysis & Synthesis was successful. 0 errors, 84 warnings
    Info: Peak virtual memory: 4848 megabytes
    Info: Processing ended: Thu Aug 22 11:29:17 2024
    Info: Elapsed time: 00:00:19
    Info: Total CPU time (on all processors): 00:00:29


+------------------------------------------+
; Analysis & Synthesis Suppressed Messages ;
+------------------------------------------+
The suppressed messages can be found in C:/Users/fabbr/Desktop/HES-project/quartus/output_files/Hash_light_top.map.smsg.


