------------------------------------------------------------
Timing Analyzer Summary
------------------------------------------------------------

Type  : Slow 1100mV 85C Model Setup 'clk'
Slack : 5.511
TNS   : 0.000

Type  : Slow 1100mV 85C Model Hold 'clk'
Slack : 0.337
TNS   : 0.000

Type  : Slow 1100mV 85C Model Minimum Pulse Width 'clk'
Slack : 8.991
TNS   : 0.000

Type  : Slow 1100mV 0C Model Setup 'clk'
Slack : 5.746
TNS   : 0.000

Type  : Slow 1100mV 0C Model Hold 'clk'
Slack : 0.320
TNS   : 0.000

Type  : Slow 1100mV 0C Model Minimum Pulse Width 'clk'
Slack : 8.884
TNS   : 0.000

Type  : Fast 1100mV 85C Model Setup 'clk'
Slack : 7.656
TNS   : 0.000

Type  : Fast 1100mV 85C Model Hold 'clk'
Slack : 0.172
TNS   : 0.000

Type  : Fast 1100mV 85C Model Minimum Pulse Width 'clk'
Slack : 9.147
TNS   : 0.000

Type  : Fast 1100mV 0C Model Setup 'clk'
Slack : 8.166
TNS   : 0.000

Type  : Fast 1100mV 0C Model Hold 'clk'
Slack : 0.157
TNS   : 0.000

Type  : Fast 1100mV 0C Model Minimum Pulse Width 'clk'
Slack : 9.150
TNS   : 0.000

------------------------------------------------------------
